Content-Length: 43

{"jsonrpc":"2.0","id":1,"method":"request"}