Content-Length: 38

{"jsonrpc":"2.0","id":"id","result":2}